--- Testing Layout Refactor (Isolated) ---
[ERROR] Rendering Failed: Undefined array key "progresDetails" (View: C:\laragon\www\program-prioritas-knmp\storage\framework\views\07f5931288ab8d2aa752fd133c8e953c.blade.php)
